[16496:22320:0625/005158.210:INFO:components\enterprise\browser\controller\chrome_browser_cloud_management_controller.cc:239] No machine level policy manager exists.
[16496:20172:0625/005158.259:WARNING:chrome\browser\extensions\external_pref_loader.cc:294] You are using an old-style extension deployment method (external_extensions.json), which will soon be deprecated. (see http://developer.chrome.com/docs/extensions/how-to/distribute/install-extensions)
[3648:16612:0625/005158.271:ERROR:ui\gl\direct_composition_support.cc:247] GetGpuDriverOverlayInfo: Failed to retrieve video device
[16496:22320:0625/005158.379:INFO:CONSOLE:0] "Access to manifest at 'file:///C:/Users/bille/Desktop/main%20v6.0.5/main%20v6.0.0/main/main/EmailsEntreprise.labonedjma-main/EmailsEntreprise.labonedjma-main%20(11)/EmailsEntreprise.labonedjma-main/manifest.webmanifest' from origin 'null' has been blocked by CORS policy: Cross origin requests are only supported for protocol schemes: chrome, chrome-extension, chrome-untrusted, data, http, https, isolated-app.", source: file:///C:/Users/bille/Desktop/main%20v6.0.5/main%20v6.0.0/main/main/EmailsEntreprise.labonedjma-main/EmailsEntreprise.labonedjma-main%20(11)/EmailsEntreprise.labonedjma-main/index.html (0)
[16496:13880:0625/005158.726:ERROR:extensions\common\extension_l10n_util.cc:97] Unable to load message file: c:\Users\bille\Desktop\main v6.0.5\main v6.0.0\main\main\EmailsEntreprise.labonedjma-main\EmailsEntreprise.labonedjma-main (11)\EmailsEntreprise.labonedjma-main\chrome_profile\Default\Extensions\ngpampappnmepgilojfohadhhmbhlaek\6.42.64_8\_locales
[16496:13880:0625/005158.726:ERROR:extensions\browser\crx_installer.cc:1024] Catalog file is missing for locale fr. ngpampappnmepgilojfohadhhmbhlaek 
[16496:22320:0625/005158.727:WARNING:extensions\browser\load_error_reporter.cc:73] Extension error: Catalog file is missing for locale fr.
[16496:22320:0625/005158.942:INFO:CONSOLE:19] "[VersionManager] Upgrade detected from none to 6.0.5.", source: file:///C:/Users/bille/Desktop/main%20v6.0.5/main%20v6.0.0/main/main/EmailsEntreprise.labonedjma-main/EmailsEntreprise.labonedjma-main%20(11)/EmailsEntreprise.labonedjma-main/script.js?v=6.0.5 (19)
[16496:22320:0625/005158.945:INFO:CONSOLE:266] "Service Worker registration skipped: Running from local file system.", source: file:///C:/Users/bille/Desktop/main%20v6.0.5/main%20v6.0.0/main/main/EmailsEntreprise.labonedjma-main/EmailsEntreprise.labonedjma-main%20(11)/EmailsEntreprise.labonedjma-main/script.js?v=6.0.5 (266)
[16496:22320:0625/005159.056:INFO:CONSOLE:247] "refreshApplicationState: 1.032958984375 ms", source: file:///C:/Users/bille/Desktop/main%20v6.0.5/main%20v6.0.0/main/main/EmailsEntreprise.labonedjma-main/EmailsEntreprise.labonedjma-main%20(11)/EmailsEntreprise.labonedjma-main/script.js?v=6.0.5 (247)
[16496:22320:0625/005200.427:INFO:CONSOLE:247] "refreshApplicationState: 3.322021484375 ms", source: file:///C:/Users/bille/Desktop/main%20v6.0.5/main%20v6.0.0/main/main/EmailsEntreprise.labonedjma-main/EmailsEntreprise.labonedjma-main%20(11)/EmailsEntreprise.labonedjma-main/script.js?v=6.0.5 (247)
[16496:22320:0625/005200.446:INFO:CONSOLE:36] "[Migration] Running default full cleanup migration", source: file:///C:/Users/bille/Desktop/main%20v6.0.5/main%20v6.0.0/main/main/EmailsEntreprise.labonedjma-main/EmailsEntreprise.labonedjma-main%20(11)/EmailsEntreprise.labonedjma-main/script.js?v=6.0.5 (36)
[16496:22320:0625/005200.446:INFO:CONSOLE:63] "[Migration] SW unregistration failed: [object DOMException]", source: file:///C:/Users/bille/Desktop/main%20v6.0.5/main%20v6.0.0/main/main/EmailsEntreprise.labonedjma-main/EmailsEntreprise.labonedjma-main%20(11)/EmailsEntreprise.labonedjma-main/script.js?v=6.0.5 (63)
[16496:22320:0625/005200.447:INFO:CONSOLE:48] "[Migration] Cache cleared successfully", source: file:///C:/Users/bille/Desktop/main%20v6.0.5/main%20v6.0.0/main/main/EmailsEntreprise.labonedjma-main/EmailsEntreprise.labonedjma-main%20(11)/EmailsEntreprise.labonedjma-main/script.js?v=6.0.5 (48)
[16496:22320:0625/005200.448:INFO:CONSOLE:74] "[Migration] IndexedDB database deleted", source: file:///C:/Users/bille/Desktop/main%20v6.0.5/main%20v6.0.0/main/main/EmailsEntreprise.labonedjma-main/EmailsEntreprise.labonedjma-main%20(11)/EmailsEntreprise.labonedjma-main/script.js?v=6.0.5 (74)
[16496:22320:0625/005200.448:INFO:CONSOLE:108] "[VersionManager] Upgrade to 6.0.5 completed successfully.", source: file:///C:/Users/bille/Desktop/main%20v6.0.5/main%20v6.0.0/main/main/EmailsEntreprise.labonedjma-main/EmailsEntreprise.labonedjma-main%20(11)/EmailsEntreprise.labonedjma-main/script.js?v=6.0.5 (108)
[16496:22320:0625/005200.527:INFO:CONSOLE:0] "Access to manifest at 'file:///C:/Users/bille/Desktop/main%20v6.0.5/main%20v6.0.0/main/main/EmailsEntreprise.labonedjma-main/EmailsEntreprise.labonedjma-main%20(11)/EmailsEntreprise.labonedjma-main/manifest.webmanifest' from origin 'null' has been blocked by CORS policy: Cross origin requests are only supported for protocol schemes: chrome, chrome-extension, chrome-untrusted, data, http, https, isolated-app.", source: file:///C:/Users/bille/Desktop/main%20v6.0.5/main%20v6.0.0/main/main/EmailsEntreprise.labonedjma-main/EmailsEntreprise.labonedjma-main%20(11)/EmailsEntreprise.labonedjma-main/index.html (0)
[16496:22320:0625/005200.528:INFO:CONSOLE:266] "Service Worker registration skipped: Running from local file system.", source: file:///C:/Users/bille/Desktop/main%20v6.0.5/main%20v6.0.0/main/main/EmailsEntreprise.labonedjma-main/EmailsEntreprise.labonedjma-main%20(11)/EmailsEntreprise.labonedjma-main/script.js?v=6.0.5 (266)
[16496:22320:0625/005200.529:INFO:CONSOLE:408] "Firebase SDK unavailable. Starting in offline mode.", source: file:///C:/Users/bille/Desktop/main%20v6.0.5/main%20v6.0.0/main/main/EmailsEntreprise.labonedjma-main/EmailsEntreprise.labonedjma-main%20(11)/EmailsEntreprise.labonedjma-main/script.js?v=6.0.5 (408)
[16496:22320:0625/005200.629:INFO:CONSOLE:247] "refreshApplicationState: 0.302001953125 ms", source: file:///C:/Users/bille/Desktop/main%20v6.0.5/main%20v6.0.0/main/main/EmailsEntreprise.labonedjma-main/EmailsEntreprise.labonedjma-main%20(11)/EmailsEntreprise.labonedjma-main/script.js?v=6.0.5 (247)
[16496:20172:0625/005201.600:ERROR:chrome\browser\web_applications\web_app_icon_manager.cc:123] Could not create directory: c:\Users\bille\Desktop\main v6.0.5\main v6.0.0\main\main\EmailsEntreprise.labonedjma-main\EmailsEntreprise.labonedjma-main (11)\EmailsEntreprise.labonedjma-main\chrome_profile\Default\Web Applications\Temp\scoped_dir16496_1744346267\Icons Monochrome
[16496:22320:0625/005201.603:ERROR:chrome\browser\web_applications\externally_managed_app_manager.cc:680] https://mail.google.com/mail/installwebapp?usp=chrome_default from install source 1 failed to install with reason 6
[16496:3292:0625/005201.637:ERROR:chrome\browser\web_applications\web_app_icon_manager.cc:123] Could not create directory: c:\Users\bille\Desktop\main v6.0.5\main v6.0.0\main\main\EmailsEntreprise.labonedjma-main\EmailsEntreprise.labonedjma-main (11)\EmailsEntreprise.labonedjma-main\chrome_profile\Default\Web Applications\Temp\scoped_dir16496_1295908339\Icons Monochrome
[16496:22320:0625/005201.640:ERROR:chrome\browser\web_applications\externally_managed_app_manager.cc:680] https://docs.google.com/document/installwebapp?usp=chrome_default from install source 1 failed to install with reason 6
[16496:13880:0625/005201.719:ERROR:chrome\browser\web_applications\web_app_icon_manager.cc:123] Could not create directory: c:\Users\bille\Desktop\main v6.0.5\main v6.0.0\main\main\EmailsEntreprise.labonedjma-main\EmailsEntreprise.labonedjma-main (11)\EmailsEntreprise.labonedjma-main\chrome_profile\Default\Web Applications\Temp\scoped_dir16496_1122348606\Icons Monochrome
[16496:22320:0625/005201.723:ERROR:chrome\browser\web_applications\externally_managed_app_manager.cc:680] https://drive.google.com/drive/installwebapp?usp=chrome_default from install source 1 failed to install with reason 6
[16496:13880:0625/005201.769:ERROR:chrome\browser\web_applications\web_app_icon_manager.cc:123] Could not create directory: c:\Users\bille\Desktop\main v6.0.5\main v6.0.0\main\main\EmailsEntreprise.labonedjma-main\EmailsEntreprise.labonedjma-main (11)\EmailsEntreprise.labonedjma-main\chrome_profile\Default\Web Applications\Temp\scoped_dir16496_1923847854\Icons Monochrome
[16496:22320:0625/005201.770:ERROR:chrome\browser\web_applications\externally_managed_app_manager.cc:680] https://docs.google.com/spreadsheets/installwebapp?usp=chrome_default from install source 1 failed to install with reason 6
[16496:13880:0625/005201.835:ERROR:chrome\browser\web_applications\web_app_icon_manager.cc:123] Could not create directory: c:\Users\bille\Desktop\main v6.0.5\main v6.0.0\main\main\EmailsEntreprise.labonedjma-main\EmailsEntreprise.labonedjma-main (11)\EmailsEntreprise.labonedjma-main\chrome_profile\Default\Web Applications\Temp\scoped_dir16496_170938398\Icons Monochrome
[16496:22320:0625/005201.837:ERROR:chrome\browser\web_applications\externally_managed_app_manager.cc:680] https://docs.google.com/presentation/installwebapp?usp=chrome_default from install source 1 failed to install with reason 6
[16496:22320:0625/005201.846:INFO:CONSOLE:247] "refreshApplicationState: 4.44091796875 ms", source: file:///C:/Users/bille/Desktop/main%20v6.0.5/main%20v6.0.0/main/main/EmailsEntreprise.labonedjma-main/EmailsEntreprise.labonedjma-main%20(11)/EmailsEntreprise.labonedjma-main/script.js?v=6.0.5 (247)
[16496:13880:0625/005201.882:ERROR:chrome\browser\web_applications\web_app_icon_manager.cc:123] Could not create directory: c:\Users\bille\Desktop\main v6.0.5\main v6.0.0\main\main\EmailsEntreprise.labonedjma-main\EmailsEntreprise.labonedjma-main (11)\EmailsEntreprise.labonedjma-main\chrome_profile\Default\Web Applications\Temp\scoped_dir16496_664411024\Icons Monochrome
[16496:22320:0625/005201.884:ERROR:chrome\browser\web_applications\externally_managed_app_manager.cc:680] https://www.youtube.com/s/notifications/manifest/cr_install.html from install source 1 failed to install with reason 6
[16496:2164:0625/005201.891:ERROR:google_apis\gcm\engine\registration_request.cc:291] Registration response error message: DEPRECATED_ENDPOINT
[16496:20172:0625/005201.912:ERROR:extensions\common\extension_l10n_util.cc:97] Unable to load message file: c:\Users\bille\Desktop\main v6.0.5\main v6.0.0\main\main\EmailsEntreprise.labonedjma-main\EmailsEntreprise.labonedjma-main (11)\EmailsEntreprise.labonedjma-main\chrome_profile\Default\Extensions\ghbmnnjooekpmoecnnnilnnbdlolhkhi\1.107.1_8\_locales
[16496:20172:0625/005201.912:ERROR:extensions\browser\crx_installer.cc:1024] Catalog file is missing for locale fr. ghbmnnjooekpmoecnnnilnnbdlolhkhi 
[16496:22320:0625/005201.913:WARNING:extensions\browser\load_error_reporter.cc:73] Extension error: Catalog file is missing for locale fr.
[16496:20484:0625/005201.918:ERROR:chrome\browser\web_applications\web_app_icon_manager.cc:123] Could not create directory: c:\Users\bille\Desktop\main v6.0.5\main v6.0.0\main\main\EmailsEntreprise.labonedjma-main\EmailsEntreprise.labonedjma-main (11)\EmailsEntreprise.labonedjma-main\chrome_profile\Default\Web Applications\Temp\scoped_dir16496_1291059713\Icons Monochrome
[16496:22320:0625/005201.920:ERROR:chrome\browser\web_applications\externally_managed_app_manager.cc:680] https://chat.google.com/download?usp=chrome_default from install source 1 failed to install with reason 6
[16496:2164:0625/005201.928:ERROR:google_apis\gcm\engine\registration_request.cc:291] Registration response error message: PHONE_REGISTRATION_ERROR
[16496:2164:0625/005201.939:ERROR:google_apis\gcm\engine\registration_request.cc:291] Registration response error message: PHONE_REGISTRATION_ERROR
[16496:22320:0625/005202.045:INFO:CONSOLE:232] "System date synced in real-time: 24 - 06 - 2026", source: file:///C:/Users/bille/Desktop/main%20v6.0.5/main%20v6.0.0/main/main/EmailsEntreprise.labonedjma-main/EmailsEntreprise.labonedjma-main%20(11)/EmailsEntreprise.labonedjma-main/script.js?v=6.0.5 (232)
[16496:22320:0625/005202.341:INFO:CONSOLE:247] "refreshApplicationState: 2.16015625 ms", source: file:///C:/Users/bille/Desktop/main%20v6.0.5/main%20v6.0.0/main/main/EmailsEntreprise.labonedjma-main/EmailsEntreprise.labonedjma-main%20(11)/EmailsEntreprise.labonedjma-main/script.js?v=6.0.5 (247)
[16496:22320:0625/005202.730:INFO:CONSOLE:247] "refreshApplicationState: 2.2412109375 ms", source: file:///C:/Users/bille/Desktop/main%20v6.0.5/main%20v6.0.0/main/main/EmailsEntreprise.labonedjma-main/EmailsEntreprise.labonedjma-main%20(11)/EmailsEntreprise.labonedjma-main/script.js?v=6.0.5 (247)
[16496:13880:0625/005205.812:ERROR:extensions\common\extension_l10n_util.cc:97] Unable to load message file: c:\Users\bille\Desktop\main v6.0.5\main v6.0.0\main\main\EmailsEntreprise.labonedjma-main\EmailsEntreprise.labonedjma-main (11)\EmailsEntreprise.labonedjma-main\chrome_profile\Default\Extensions\nmmhkkegccagdldgiimedpiccmgmieda\1.0.0.6_7\_locales
[16496:13880:0625/005205.812:ERROR:extensions\browser\crx_installer.cc:1024] Catalog file is missing for locale fr. nmmhkkegccagdldgiimedpiccmgmieda 
[16496:22320:0625/005205.812:WARNING:extensions\browser\load_error_reporter.cc:73] Extension error: Catalog file is missing for locale fr.
